[load] 141 consensus A posts
  [25/564] rate=2.82/s eta=191s
  [50/564] rate=2.87/s eta=179s
  [75/564] rate=2.80/s eta=174s
  [100/564] rate=2.63/s eta=177s
  [125/564] rate=2.33/s eta=189s
  [150/564] rate=2.33/s eta=178s
  [175/564] rate=2.32/s eta=168s
  [200/564] rate=2.26/s eta=161s
  [225/564] rate=2.23/s eta=152s
  [250/564] rate=2.22/s eta=141s
  [275/564] rate=2.19/s eta=132s
  [300/564] rate=2.16/s eta=122s
  [325/564] rate=2.17/s eta=110s
  [350/564] rate=2.17/s eta=99s
  [375/564] rate=2.15/s eta=88s
  [400/564] rate=2.13/s eta=77s
  [425/564] rate=2.10/s eta=66s
  [450/564] rate=2.08/s eta=55s
  [475/564] rate=2.06/s eta=43s
  [500/564] rate=2.03/s eta=32s
  [525/564] rate=2.03/s eta=19s
  [550/564] rate=2.04/s eta=7s
  [564/564] rate=2.04/s eta=0s

[saved] /Users/leahli/Documents/26Spring-TextasData/final_proj/data/processed/rich_features.parquet
call_name
claude_2    141
claude_3    141
claude_1    141
gpt         141
Name: count, dtype: int64

Parse errors: 1
API errors:   166
